<testsuites name="results">
  <testsuite name="all" package="all">
    <property name="random_seed" value="1759218447" />
    <testcase name="vending_machine_test" classname="test_vending_machine_all" file="/home/mirafra/PycharmProjects/Vending_Machine_verilog_Project/test_vending_machine_all.py" lineno="7" time="0.0019631385803222656" sim_time_ns="75.001" ratio_time="38204.638608695655" />
  </testsuite>
</testsuites>
